dev-01-apartment-easy: 'לא. פנייה לחברת הביטוח אינה עוצרת את תקופת ההתיישנות. עליך להגיש תביעה'... (1777 ms)
dev-02-apartment-easy: 'כן. התביעה מתיישנת אם לא הוגשה בתוך 3 שנים מיום מקרה הביטוח.\n\nמקורות:\n'... (1065 ms)
dev-03-apartment-medium: 'המדינה מפעילה קרן לפיצוי נפגעי רעידת אדמה שמשלמת סכום בסיסי, אך לרוב ה'... (1833 ms)
dev-04-apartment-medium: 'עד 30,000 ש"ח.\n\nמקורות:\n- gun/pages/firearm.txt'... (825 ms)
dev-05-apartment-hard: 'לביטוח בניין משותף מצטרפים באתר הראל, באפליקציה, או דרך המוקד בטלפון *'... (1714 ms)
dev-06-apartment-hard: 'עד 12,000 ש"ח — הכיסוי לגינה מוגבל ל-1% מסכום הביטוח הכולל: 1% × 1,200'... (1217 ms)
dev-07-business-easy: 'כן. הפוליסה מכסה חבות מעביד כלפי עובדיו וחבות כלפי עובדי קבלן, ובמקרה '... (1537 ms)
dev-08-business-easy: 'כן. על המבוטח להודיע לחברת הביטוח בכתב על כל שינוי מהותי במצב העסק מיד'... (1892 ms)
dev-09-business-medium: 'עד 12 חודשים, או עד להשלמת שיקום הרכוש — המוקדם מביניהם.\n\nמקורות:\n- bu'... (1167 ms)
dev-10-business-medium: 'כן. על פי פקודת בריאות הציבור, קיום ניסוי רפואי מחייב ביטוח מראש לכיסו'... (1581 ms)
dev-11-business-hard: 'פוליסת שיר לעסק כוללת הוצאות נוספות להקטנת אובדן תוצאתי. הראל ביט לעסק'... (1444 ms)
dev-12-business-hard: 'התשלום יתחלק ביחס לסכום הביטוח של כל פוליסה: הראל תישא ב-300,000 / 400'... (1633 ms)
dev-13-car-easy: 'אם רכשת כיסוי נעילה במסגרת כתב השירות של ביטוח החובה, מגיע לך שירות פר'... (1469 ms)
dev-14-car-easy: 'לא. החלפת גלגל בעקבות תקר היא חינם, אבל עלות הגלגל עצמו תחול עליך.'... (1645 ms)
dev-15-car-medium: "לא, ביטוח צד ג' אינו מכסה אובדן מפתחות או שלט.\n\nמקורות:\n- car/pages/th"... (1017 ms)
dev-16-car-medium: 'ביטוח הרכב למטיילים של הראל (הרחבת ביטוח חובה ומקיף לחו"ל) נרכש באתר ה'... (2493 ms)
dev-17-car-hard: "הראל סוויץ' הוא ביטוח מקיף דינמי שמתאים את המחיר לשנת הרכב, לסוג הרכב "... (3205 ms)
dev-18-car-hard: '1,945 ₪. דמי הביטוח המוחזרים מחושבים ביחס ל-355 הימים שנותרו (2,000 × '... (1461 ms)
dev-19-dental-easy: 'כן. לתביעות החזר על טיפולי שיניים - יש לשלוח את המסמכים לטופס מקוון יי'... (1327 ms)
dev-20-dental-easy: 'כן. בהתאם לפוליסה ניתן לתבוע את ההפרש שלא הוחזר על ידי קופת החולים, בנ'... (1345 ms)
dev-21-dental-medium: "ניתן לבטל את הפוליסה באחת מהדרכים הבאות:\n\n1. **צ'אט באתר הראל** – זמין"... (2061 ms)
dev-22-dental-medium: 'כן. לילד עד גיל 18 ניתן, לפי תקנות החוק, להעביר תגמולי ביטוח לחשבון בנ'... (1524 ms)
dev-23-dental-hard: '• לביטול – שלח/י טופס ביטול חתום למייל: [email\xa0protected]\n• לבירור תבי'... (1302 ms)
dev-24-dental-hard: '3.'... (3934 ms)
dev-25-health-easy: 'לא. הצעת פשרה בכתב, במייל או במסרון אינה מחייבת אישור הסכם פשרה, אלא ב'... (1515 ms)
dev-26-health-easy: 'כן. אקופונקטורה (דיקור סיני) כלולה ברפואה המשלימה, בתנאי שלרשות המטפל '... (1524 ms)
dev-27-health-medium: 'אני לא יכולה להשוות ביטוח הראל לחברות אחרות כי אין בידי מידע על הפוליס'... (1478 ms)
dev-28-health-medium: 'כן. רופא מלווה אישי בתחום מחלות עור מטפל גם באקנה.\n\nמקורות:\n- health/p'... (1134 ms)
dev-29-health-hard: 'במקרה של ביטול באמצע תקופת הביטוח, יוחזר התשלום בעד יתרת התקופה בניכוי'... (1621 ms)
dev-30-health-hard: '3,456 ש"ח לשנה.\n\nמקורות:\n- surgeries/pages/basic-upgrade1.txt'... (812 ms)
dev-31-life-easy: 'כן. לקוחות שהפסיקו לעשן לפחות 12 חודשים יכולים להיחשף להנחה בתעריף ביט'... (1299 ms)
dev-32-life-easy: 'לא. הראל לא מבצעת שינויים בפוליסה רטרואקטיבית.'... (784 ms)
dev-33-life-medium: 'אם צברתם ערך פדיון, תוכלו לקבל אותו. שימו לב – בפוליסות מגן ללא חיסכון'... (1526 ms)
dev-34-life-medium: 'לא ניתן יהיה לדון בבקשה. הוועדה הרפואית זקוקה להצהרת בריאות מלאה ועדכנ'... (1342 ms)
dev-35-life-hard: 'יש לשלוח את הצהרת הבריאות לאתר סוכן הביטוח או לכתובת health.declaratio'... (1638 ms)
dev-36-life-hard: 'סכום הביטוח ישולם ליורשיך החוקיים.\n\nיורש חוקי מוגדר: בן/בת זוג, ילדים '... (1295 ms)
dev-37-mortgage-easy: 'כן, ההרחבה לנזקי מים מכסה גם נזקי מים שיתרחשו בדירה שעומדת ריקה, כל עו'... (1496 ms)
dev-38-mortgage-easy: 'כן. הכיסוי לדודים וקולטים סולאריים חל על מערכות שקיבולתן אינה עולה על '... (1256 ms)
dev-39-mortgage-medium: 'לא. הפוליסה אינה מכסה נזקים כתוצאה ממלחמה.\n\nמקורות:\n- mortgage/pages/m'... (1082 ms)
dev-40-mortgage-medium: 'אדם הזקוק לסיעוד בביצוע פעולות יום-יום, הזקוק להשגחה למניעת סכנת חיים,'... (1307 ms)
dev-41-mortgage-hard: 'ביטוחי המשכנתא בהראל:\n- ביטוח חיים למשכנתא\n- ביטוח מבנה למשכנתא\n- ביטו'... (2491 ms)
dev-42-mortgage-hard: 'כן. הכיסוי מופעל כאשר עלות השיקום, על פי שמאי מקרקעין, עולה על 75% מסכ'... (1463 ms)
dev-43-travel-easy: 'כן. בפוליסת First Class, באשפוז מעל 3 ימים, הביטוח מכסה כרטיס טיסה ולי'... (1241 ms)
dev-44-travel-easy: 'כן, בכפוף למגבלות הרפואיות והפוליסה. ביטוח הנסיעות לחו"ל מכסה הוצאות ר'... (2069 ms)
dev-45-travel-medium: '50,000$ במקרה מוות מתאונה, המשולם לתוך העזבון.\n\nמקורות:\n- travel/pages'... (1034 ms)
dev-46-travel-medium: 'לא. לא יינתן כיסוי להוצאות רפואיות בגין היריון ולידה בשבוע 14 ומעלה, א'... (1199 ms)
dev-47-travel-hard: 'כן. הנספח "אחריות אישית כלפי צד שלישי" מכסה נזקי גוף ורכוש שתגרום בטעו'... (1498 ms)
dev-48-travel-hard: 'לא מצאתי מידע ספציפי לגבי עלות ביטוח יומית לרחפן או דרישות למסמכים במק'... (1524 ms)

wrote reports/concise_few_shot_answers.jsonl — score with: python run_eval.py --answers reports/concise_few_shot_answers.jsonl
