dev-01-apartment-easy: 'לא. הפנייה לחברת הביטוח אינה עוצרת את מרוץ ההתיישנות. על פי חוק, על מנ'... (1878 ms)
dev-02-apartment-easy: 'כן. על פי חוק חוזה הביטוח, תקופת ההתיישנות להגשת תביעה לתגמולי ביטוח ע'... (1090 ms)
dev-03-apartment-medium: 'ביטוח הדירה של הראל מכסה נזקי רעידת אדמה. קרן הפיצויים הממשלתית (קרן מ'... (2331 ms)
dev-04-apartment-medium: 'עד סכום מצטבר של 80,000 ש"ח.'... (822 ms)
dev-05-apartment-hard: 'לביטוח בניין משותף – ניתן לקבל הצעת מחיר באתר הראל תחת "ביטוח דירה/Bui'... (1702 ms)
dev-06-apartment-hard: 'עד 7,000 ש"ח — 5,000 ש"ח לצמחייה ו-2,000 ש"ח למערכת השקיה.'... (1273 ms)
dev-07-business-easy: 'כן. הכיסוי בביטוח החבות כולל אחריות מעביד שילוחית כלפי עובדי קבלן, ומו'... (1452 ms)
dev-08-business-easy: 'כן. יש להודיע בכתב על כל שינוי מהותי שחל בעסק במהלך תקופת הביטוח.'... (1589 ms)
dev-09-business-medium: 'עד 12 חודשים.'... (679 ms)
dev-10-business-medium: 'כן. החוקר הראשי מחויב לערוך ביטוח למשתתפי ניסוי קליני שאושר על ידי ועד'... (1373 ms)
dev-11-business-hard: 'כן. בשתי הפוליסות יש תקרה:\n\n- שיר לעסק: קיים סכום ביטוח מוגדר לפיצוי ע'... (2366 ms)
dev-12-business-hard: 'במקרה של ביטוח כפל (כיסוי זהה מכמה מבטחים) התשלום יתחלק ביחס לסכומי הב'... (1675 ms)
dev-13-car-easy: 'כן. כתב השירות כולל שירות פריצה לרכב, בהתאם לתנאי הפוליסה.'... (1117 ms)
dev-14-car-easy: 'תלוי בפוליסה שלך. בחלק מפוליסות הרכב (למשל ביטול השתתפות עצמית) התיקון'... (1804 ms)
dev-15-car-medium: "לא. כיסוי אובדן מפתחות ושלט אינו כלול בביטוח צד ג' (חובה). כדי לקבלו י"... (4546 ms)
dev-16-car-medium: 'ביטוח הרכב למטיילים להראל נרכש אך ורק במעבר הגבול טאבה – במכירה פיזית.'... (1197 ms)
dev-17-car-hard: "הראל סוויץ' הוא ביטוח רכב מקיף בתשלום לפי קילומטראז', חוסך כסף למי שנו"... (2751 ms)
dev-18-car-hard: '2,000 ש"ח בניכוי 15% דמי ביטול: מחזירים 1,700 ש"ח.'... (1116 ms)
dev-19-dental-easy: 'כן, אפשר לשלוח את תביעת רופא השן במייל לכתובת healthclaims@harel-ins.c'... (1013 ms)
dev-20-dental-easy: 'לא. לא ניתן לקבל החזר כפול. הביטוח משלים עד לתקרת הפוליסה, בניכוי ההחז'... (1228 ms)
dev-21-dental-medium: 'ניתן לבטל פוליסה לביטוח שיניים באמצעות טופס ביטול, החתום ביד המבוטח, ו'... (2615 ms)
dev-22-dental-medium: 'לא. על פי החוק בישראל, קטין (מתחת לגיל 18) אינו מוגדר כבעל זכות לקבלת '... (1430 ms)
dev-23-dental-hard: 'אנא שלח את טופס הביטול למייל dental@harel-health.co.il.\n\nמסלול הבירור '... (1489 ms)
dev-24-dental-hard: 'לפי הכיסוי, אתה זכאי לעד 2 צילומי נשך בסך הכול בשנה.'... (790 ms)
dev-25-health-easy: 'לא. ההצעה לא מחייבת אותך כל עוד לא אישרת אותה במפורש.'... (1580 ms)
dev-26-health-easy: 'כן, טיפולי אקופונקטורה כלולים בכתב השירות לרפואה משלימה, בכפוף להפניה '... (1242 ms)
dev-27-health-medium: 'אני לא יכול להשוות לשירותים או כיסויים של חברות ביטוח אחרות, כי אין לי'... (2477 ms)
dev-28-health-medium: 'לא, לא מטפלים באקנה.'... (742 ms)
dev-29-health-hard: 'כן, תקבל החזר באופן יחסי לתקופה שנותרה. הכסף יוחזר לאמצעי התשלום של מש'... (1327 ms)
dev-30-health-hard: 'ביטוח UPGRADE משלים שב"ן עולה 23 ש"ח לחודש. מכפילים ב-12 חודשים = 276 '... (1105 ms)
dev-31-life-easy: 'כן. מי שפסק לעשן לפני יותר משנתיים יכול לפנות להראל, ואחרי בדיקת ניקוט'... (1203 ms)
dev-32-life-easy: 'לא. לא ניתן להחיל את השינוי רטרואקטיבית על חודש שקדם לבקשה.'... (806 ms)
dev-33-life-medium: 'כן, לאחר צבירת מספיק חיסכון. פוליסת "מגן" צוברת ערך פדיון שגדל עם הזמן'... (1521 ms)
dev-34-life-medium: 'אם לא תצרף טופס הצהרת בריאות לבקשה להגדלת כיסוי, הראל תפעל על סמך החומ'... (1307 ms)
dev-35-life-hard: 'אנא שלח את הצהרת הבריאות ישירות למייל של הסוכן/מתאם הביטוחי שטיפל בהצט'... (2013 ms)
dev-36-life-hard: 'אם לא מינית מוטבים, סכום הביטוח ישולם ליורשים החוקיים. יורש חוקי נקבע '... (1515 ms)
dev-37-mortgage-easy: 'לא. ההרחבה לנזקי מים מכסה רק נזקי מים במגורים בדירה. הכיסוי מושעה כל ע'... (1222 ms)
dev-38-mortgage-easy: 'כן. הכיסוי לדוד שמש במסגרת ביטוח מבנה כולל דוד בנפח של עד 300 ליטר, ול'... (1179 ms)
dev-39-mortgage-medium: 'לא. ביטוח המבנה של המשכנתא לא מכסה נזקי מלחמה.'... (786 ms)
dev-40-mortgage-medium: 'לצורך נספח משכנתא לביטוח חיים, אדם עם מוגבלות מקצרת חיים הוא מי שמאובח'... (1351 ms)
dev-41-mortgage-hard: 'סליחה, אבל אין לי מידע על מוצרי ביטוח משכנתא של הראל. מוטב שתפנה ישירו'... (1080 ms)
dev-42-mortgage-hard: 'כן. כיסוי "סכום נוסף" משלם עד 25% מסכום הביטוח למבנה כאשר נגרם נזק באי'... (2381 ms)
dev-43-travel-easy: 'כן. בהתאם לפוליסה, במקרה של אשפוז מעל 3 ימים בחו"ל, צפוי כיסוי להוצאות'... (1074 ms)
dev-44-travel-easy: 'כן, בתנאי מוגבל: ההוצאות הרפואיות יכוסו רק עד השבוע ה-20 להיריון.'... (952 ms)
dev-45-travel-medium: '125,000$ — סכום הביטוח למקרה מוות בתאונה בהרחבת תאונות אישיות בדרכון פ'... (1716 ms)
dev-46-travel-medium: 'לא. פוליסת דרכון פרימיום אינה מכסה הוצאות רפואיות בקשר להיריון, לידה א'... (1624 ms)
dev-47-travel-hard: 'כן, דרכון First Class כולל כיסוי אוטומטי לאחריות כלפי צד שלישי (אחריות'... (1092 ms)
dev-48-travel-hard: 'לגבי עלות ביטוח לרחפן ליום — אין בידי מידע על תעריף יומי ספציפי, מומלץ'... (1626 ms)

wrote reports/no_cite_few_shot_2_answers.jsonl — score with: python run_eval.py --answers reports/no_cite_few_shot_2_answers.jsonl
