dev-01-apartment-easy: 'לא. הגשת תביעה לחברת הביטוח אינה עוצרת את מרוץ ההתיישנות.'... (1383 ms)
dev-02-apartment-easy: 'כן. תביעה לתגמולי ביטוח דירה ניתן להגיש תוך שלוש שנים מיום קרות מקרה ה'... (1110 ms)
dev-03-apartment-medium: 'הביטוח הסטנדרטי לדירה אינו מכסה נזקי רעידת אדמה. בעבר הייתה תוכנית ממש'... (2165 ms)
dev-04-apartment-medium: 'עד 25,000 ש"ח (לפני מע"מ) ישפו אותך על שכר הטרחה וההוצאות, ומ-25,000 ש'... (1630 ms)
dev-05-apartment-hard: 'לשני הכיסויים האלה ניתן להצטרף רק באמצעות סוכן ביטוח.'... (924 ms)
dev-06-apartment-hard: 'עד 10,000 ש"ח. כיסוי הגינה מוגבל ל-10,000 ש"ח (עם תת-תקרה של 1,500 ש"ח'... (1590 ms)
dev-07-business-easy: 'כן. הכיסוי לחבות מעבידים במכלול למשרד כולל גם עובדים של קבלן משנה, ובל'... (1687 ms)
dev-08-business-easy: 'כן. חלה עליך חובה להודיע בכתב לחברת הביטוח על שינוי מהותי בעסק מיד עם '... (1117 ms)
dev-09-business-medium: 'עד 60 חודשים (5 שנים).'... (913 ms)
dev-10-business-medium: 'כן. על פי תקנות הניסויים הרפואיים, מבטח הניסוי הוא חובה, והביטוח ייעשה'... (1532 ms)
dev-11-business-hard: 'כן. בהראל ביט (עסק קטן) מכסים אובדן תוצאתי עד 3,500 ש"ח. לעומת זאת, בפ'... (2699 ms)
dev-12-business-hard: 'במקרה של ביטוח כפל, התשלום יחולק לפי שיטת האחריות היחסית: כל חברה משתת'... (1794 ms)
dev-13-car-easy: 'כן. כתב השירות להראל רכב מכסה שירותי דרך, לרבות נעילת מפתחות ברכב.'... (1066 ms)
dev-14-car-easy: 'אנא ציין/י באיזה סוג רכב וביטוח מדובר (למשל ביטוח רכב עם שירותי דרך), '... (1735 ms)
dev-15-car-medium: "לא. ביטוח צד ג' אינו מכסה אובדן מפתחות או שלט רכב. כיסוי זה זמין רק כה"... (6103 ms)
dev-16-car-medium: 'אפשר לרכוש את ביטוח הרכב למטיילים באתר של הרשות הלאומית לנהיגה, בסניפי'... (2223 ms)
dev-17-car-hard: 'ההבדל המרכזי הוא במבנה התמחור:\n\n**ביטוח מקיף רגיל** – תשלום שנתי קבוע,'... (4558 ms)
dev-18-car-hard: 'החזר יחסי עבור התקופה שנותרה, בניכוי דמי ביטול מינימליים של 40 ₪.\n\n● ת'... (6761 ms)
dev-19-dental-easy: 'כן. תביעות שיניים כולל קובץ תביעה וקבלות/אישור סיום טיפול ניתן לשלוח ל'... (2017 ms)
dev-20-dental-easy: 'לא. לא ניתן לקבל החזר כפול. הביטוח משלים עד לתקרה שבפוליסה, ולאחר קבלת'... (1953 ms)
dev-21-dental-medium: 'אתה יכול לבטל את פוליסת ביטוח השיניים הפרטית באמצעות:\n\n- פנייה טלפונית'... (2660 ms)
dev-22-dental-medium: 'כן. בתביעות שיניים לקטינים, אתם יכולים לבקש שהתשלום יועבר ישירות לביט '... (1740 ms)
dev-23-dental-hard: 'בקשות לביטול ביטוח שיניים (לרבות מקרים בהם מתבררת תביעה) יש לשלוח לכתו'... (1956 ms)
dev-24-dental-hard: '3 צילומי נשך.'... (801 ms)
dev-25-health-easy: 'לא, הצעת פשרה אינה הסכם פשרה מחייב כל עוד לא נתת את הסכמתך בכתב.'... (1087 ms)
dev-26-health-easy: 'כן. טיפולי אקופונקטורה (דיקור סיני) כלולים בכתב השירות לרפואה משלימה, '... (1215 ms)
dev-27-health-medium: 'אין בידי מספיק מידע על פוליסות הבריאות של חברות ביטוח אחרות כדי לערוך '... (4799 ms)
dev-28-health-medium: 'כן. אקנה היא אחת ממחלות עור הפנים המכוסות במסגרת שירות רופא מלווה אישי'... (1301 ms)
dev-29-health-hard: 'אם תבטל באמצע תקופת הכיסוי, יגיע החזר כספי יחסי על יתרת התקופה שלא נוצ'... (10383 ms)
dev-30-health-hard: 'אין מספיק מידע כדי לענות על מחיר מדויק. התעריף תלוי בגיל, במין, במצב ה'... (2355 ms)
dev-31-life-easy: 'כן. הפסקה של 24 חודשים ומעלה מהווה שינוי במצב הבריאותי, וניתן לפנות לח'... (1770 ms)
dev-32-life-easy: 'לא. שינויים בפוליסה לא נכנסים לתוקף רטרואקטיבית.'... (1078 ms)
dev-33-life-medium: 'כן, פוליסת מגן היא פוליסת ביטוח חיים מסוג "פוליסה משתתפת ברווחים" שמשל'... (2146 ms)
dev-34-life-medium: 'הבקשה תידחה — להגדלת כיסוי בביטוח חיים חובה לצרף טופס הצהרת בריאות.'... (1029 ms)
dev-35-life-hard: 'אם הביטוח מותנה בחיתום רפואי, יש לשלוח את הצהרת הבריאות במייל לכתובת: '... (2168 ms)
dev-36-life-hard: 'סכום הביטוח ישולם ליורשים החוקיים על פי דין. יורש חוקי נקבע בחוק הירוש'... (2416 ms)
dev-37-mortgage-easy: 'כן, בהרחבה לנזקי מים הכיסוי חל על דירה לא תפוסה כל עוד מתקיימים התנאים'... (1610 ms)
dev-38-mortgage-easy: 'לא. הכיסוי לדוד שמש חל על דוד בנפח של עד 200 ליטר.'... (930 ms)
dev-39-mortgage-medium: 'לא. הכיסוי הבסיסי לביטוח מבנה למשכנתא אינו מכסה נזקי מלחמה. ניתן להוסי'... (1534 ms)
dev-40-mortgage-medium: 'לצורך הנספח, אדם עם מוגבלות מקצרת חיים הוא מבוטח שהרופא המחוזי קבע לגב'... (1521 ms)
dev-41-mortgage-hard: 'בהראל קיימים שלושה ביטוחי משכנתא: ביטוח חיים למשכנתא, ביטוח מבנה למשכנ'... (1527 ms)
dev-42-mortgage-hard: 'כן. הכיסוי לסכום נוסף מופעל כשעלות הנזק עולה על 50% מסכום הביטוח של המ'... (1907 ms)
dev-43-travel-easy: 'כן. בביטוח נסיעות First Class, במידה ומשך האשפוז עולה על 3 ימים, הביטו'... (3682 ms)
dev-44-travel-easy: 'לא. הפוליסה אינה מכסה הוצאות רפואיות הקשורות להיריון כאשר ההריון התגלה'... (1350 ms)
dev-45-travel-medium: 'עד 200,000$ – זהו סכום הכיסוי במקרה מוות בתאונה במסגרת הרחבת תאונות אי'... (4803 ms)
dev-46-travel-medium: 'לא. בפוליסת דרכון פרימיום לא מכוסות הוצאות הריון, לידה, הפסקת היריון א'... (1666 ms)
dev-47-travel-hard: "כן, הפוליסה מכסה אחריות אישית (צד ג') עד 70,000$ ללא עלות נוספת — הכיס"... (1378 ms)
dev-48-travel-hard: 'אין לי מידע על עלות ביטוח ייעודי לרחפן לפי יום. לגבי גניבה בחו"ל, פולי'... (2956 ms)

wrote reports/no_cite_few_shot_answers.jsonl — score with: python run_eval.py --answers reports/no_cite_few_shot_answers.jsonl
